// Vitest Snapshot v1, https://vitest.dev/guide/snapshot.html

exports[`parse > should parse postgresql to JSON correctly 1`] = `
{
  "enums": {},
  "tables": {
    "posts": {
      "columns": {
        "id": {
          "check": null,
          "comment": null,
          "default": null,
          "name": "id",
          "notNull": true,
          "type": "serial",
        },
        "user_id": {
          "check": null,
          "comment": null,
          "default": null,
          "name": "user_id",
          "notNull": false,
          "type": "int4",
        },
      },
      "comment": null,
      "constraints": {
        "PRIMARY_id": {
          "columnNames": [
            "id",
          ],
          "name": "PRIMARY_id",
          "type": "PRIMARY KEY",
        },
        "users_id_to_posts_user_id": {
          "columnNames": [
            "user_id",
          ],
          "deleteConstraint": "NO_ACTION",
          "name": "users_id_to_posts_user_id",
          "targetColumnNames": [
            "id",
          ],
          "targetTableName": "users",
          "type": "FOREIGN KEY",
          "updateConstraint": "NO_ACTION",
        },
      },
      "indexes": {},
      "name": "posts",
    },
    "users": {
      "columns": {
        "created_at": {
          "check": null,
          "comment": null,
          "default": null,
          "name": "created_at",
          "notNull": false,
          "type": "timestamp",
        },
        "email": {
          "check": null,
          "comment": null,
          "default": null,
          "name": "email",
          "notNull": true,
          "type": "varchar",
        },
        "id": {
          "check": null,
          "comment": null,
          "default": null,
          "name": "id",
          "notNull": true,
          "type": "serial",
        },
        "username": {
          "check": null,
          "comment": "user fullname.",
          "default": null,
          "name": "username",
          "notNull": true,
          "type": "varchar",
        },
      },
      "comment": "store our users.",
      "constraints": {
        "PRIMARY_id": {
          "columnNames": [
            "id",
          ],
          "name": "PRIMARY_id",
          "type": "PRIMARY KEY",
        },
        "UNIQUE_email": {
          "columnNames": [
            "email",
          ],
          "name": "UNIQUE_email",
          "type": "UNIQUE",
        },
        "UNIQUE_username": {
          "columnNames": [
            "username",
          ],
          "name": "UNIQUE_username",
          "type": "UNIQUE",
        },
      },
      "indexes": {
        "index_users_on_id_and_email": {
          "columns": [
            "id",
            "email",
          ],
          "name": "index_users_on_id_and_email",
          "type": "btree",
          "unique": true,
        },
      },
      "name": "users",
    },
  },
}
`;

exports[`parse > should parse schema.rb to JSON correctly 1`] = `
{
  "enums": {},
  "tables": {
    "comments": {
      "columns": {
        "content": {
          "check": null,
          "comment": "The content of the comment.",
          "default": null,
          "name": "content",
          "notNull": true,
          "type": "text",
        },
        "created_at": {
          "check": null,
          "comment": "The timestamp when the comment was created.",
          "default": null,
          "name": "created_at",
          "notNull": true,
          "type": "timestamp",
        },
        "id": {
          "check": null,
          "comment": null,
          "default": null,
          "name": "id",
          "notNull": true,
          "type": "uuid",
        },
        "task_id": {
          "check": null,
          "comment": "Foreign key linking the comment to a task.",
          "default": null,
          "name": "task_id",
          "notNull": true,
          "type": "uuid",
        },
        "user_id": {
          "check": null,
          "comment": "Foreign key linking the comment to the user who wrote it.",
          "default": null,
          "name": "user_id",
          "notNull": true,
          "type": "uuid",
        },
      },
      "comment": "Stores comments on tasks, enabling discussions or updates.",
      "constraints": {
        "PRIMARY_id": {
          "columnNames": [
            "id",
          ],
          "name": "PRIMARY_id",
          "type": "PRIMARY KEY",
        },
        "fk_comments_task_id": {
          "columnNames": [
            "task_id",
          ],
          "deleteConstraint": "CASCADE",
          "name": "fk_comments_task_id",
          "targetColumnNames": [
            "id",
          ],
          "targetTableName": "tasks",
          "type": "FOREIGN KEY",
          "updateConstraint": "RESTRICT",
        },
        "fk_comments_user_id": {
          "columnNames": [
            "user_id",
          ],
          "deleteConstraint": "CASCADE",
          "name": "fk_comments_user_id",
          "targetColumnNames": [
            "id",
          ],
          "targetTableName": "users",
          "type": "FOREIGN KEY",
          "updateConstraint": "RESTRICT",
        },
      },
      "indexes": {
        "index_comments_on_task_id": {
          "columns": [
            "task_id",
          ],
          "name": "index_comments_on_task_id",
          "type": "",
          "unique": false,
        },
        "index_comments_on_user_id": {
          "columns": [
            "user_id",
          ],
          "name": "index_comments_on_user_id",
          "type": "",
          "unique": false,
        },
      },
      "name": "comments",
    },
    "companies": {
      "columns": {
        "address": {
          "check": null,
          "comment": "The registered address of the company.",
          "default": null,
          "name": "address",
          "notNull": true,
          "type": "varchar",
        },
        "id": {
          "check": null,
          "comment": null,
          "default": null,
          "name": "id",
          "notNull": true,
          "type": "uuid",
        },
        "name": {
          "check": null,
          "comment": "The name of the company.",
          "default": null,
          "name": "name",
          "notNull": true,
          "type": "varchar",
        },
      },
      "comment": "Represents organizations using the system. Each company is a top-level entity that owns departments, users, and projects.",
      "constraints": {
        "PRIMARY_id": {
          "columnNames": [
            "id",
          ],
          "name": "PRIMARY_id",
          "type": "PRIMARY KEY",
        },
      },
      "indexes": {},
      "name": "companies",
    },
    "departments": {
      "columns": {
        "company_id": {
          "check": null,
          "comment": "Foreign key linking the department to a company.",
          "default": null,
          "name": "company_id",
          "notNull": true,
          "type": "uuid",
        },
        "id": {
          "check": null,
          "comment": null,
          "default": null,
          "name": "id",
          "notNull": true,
          "type": "uuid",
        },
        "name": {
          "check": null,
          "comment": "The name of the department.",
          "default": null,
          "name": "name",
          "notNull": true,
          "type": "varchar",
        },
      },
      "comment": "Represents departments within a company, organizing users into functional groups.",
      "constraints": {
        "PRIMARY_id": {
          "columnNames": [
            "id",
          ],
          "name": "PRIMARY_id",
          "type": "PRIMARY KEY",
        },
        "fk_departments_company_id": {
          "columnNames": [
            "company_id",
          ],
          "deleteConstraint": "CASCADE",
          "name": "fk_departments_company_id",
          "targetColumnNames": [
            "id",
          ],
          "targetTableName": "companies",
          "type": "FOREIGN KEY",
          "updateConstraint": "RESTRICT",
        },
      },
      "indexes": {
        "index_departments_on_company_id": {
          "columns": [
            "company_id",
          ],
          "name": "index_departments_on_company_id",
          "type": "",
          "unique": false,
        },
      },
      "name": "departments",
    },
    "project_assignments": {
      "columns": {
        "id": {
          "check": null,
          "comment": null,
          "default": null,
          "name": "id",
          "notNull": true,
          "type": "uuid",
        },
        "project_id": {
          "check": null,
          "comment": "Foreign key linking to the project.",
          "default": null,
          "name": "project_id",
          "notNull": true,
          "type": "uuid",
        },
        "user_id": {
          "check": null,
          "comment": "Foreign key linking to the user.",
          "default": null,
          "name": "user_id",
          "notNull": true,
          "type": "uuid",
        },
      },
      "comment": "Associates users with projects they are assigned to work on.",
      "constraints": {
        "PRIMARY_id": {
          "columnNames": [
            "id",
          ],
          "name": "PRIMARY_id",
          "type": "PRIMARY KEY",
        },
        "UNIQUE_user_id_project_id": {
          "columnNames": [
            "user_id",
            "project_id",
          ],
          "name": "UNIQUE_user_id_project_id",
          "type": "UNIQUE",
        },
        "fk_project_assignments_project_id": {
          "columnNames": [
            "project_id",
          ],
          "deleteConstraint": "CASCADE",
          "name": "fk_project_assignments_project_id",
          "targetColumnNames": [
            "id",
          ],
          "targetTableName": "projects",
          "type": "FOREIGN KEY",
          "updateConstraint": "RESTRICT",
        },
        "fk_project_assignments_user_id": {
          "columnNames": [
            "user_id",
          ],
          "deleteConstraint": "CASCADE",
          "name": "fk_project_assignments_user_id",
          "targetColumnNames": [
            "id",
          ],
          "targetTableName": "users",
          "type": "FOREIGN KEY",
          "updateConstraint": "RESTRICT",
        },
      },
      "indexes": {
        "index_project_assignments_on_user_id_and_project_id": {
          "columns": [
            "user_id",
            "project_id",
          ],
          "name": "index_project_assignments_on_user_id_and_project_id",
          "type": "",
          "unique": true,
        },
      },
      "name": "project_assignments",
    },
    "projects": {
      "columns": {
        "company_id": {
          "check": null,
          "comment": "Foreign key linking the project to a company.",
          "default": null,
          "name": "company_id",
          "notNull": true,
          "type": "uuid",
        },
        "description": {
          "check": null,
          "comment": "A detailed description of the project.",
          "default": null,
          "name": "description",
          "notNull": false,
          "type": "text",
        },
        "id": {
          "check": null,
          "comment": null,
          "default": null,
          "name": "id",
          "notNull": true,
          "type": "uuid",
        },
        "name": {
          "check": null,
          "comment": "The name of the project.",
          "default": null,
          "name": "name",
          "notNull": true,
          "type": "varchar",
        },
      },
      "comment": "Represents projects managed within a company. Projects are linked to tasks and users.",
      "constraints": {
        "PRIMARY_id": {
          "columnNames": [
            "id",
          ],
          "name": "PRIMARY_id",
          "type": "PRIMARY KEY",
        },
        "fk_projects_company_id": {
          "columnNames": [
            "company_id",
          ],
          "deleteConstraint": "CASCADE",
          "name": "fk_projects_company_id",
          "targetColumnNames": [
            "id",
          ],
          "targetTableName": "companies",
          "type": "FOREIGN KEY",
          "updateConstraint": "RESTRICT",
        },
      },
      "indexes": {
        "index_projects_on_company_id": {
          "columns": [
            "company_id",
          ],
          "name": "index_projects_on_company_id",
          "type": "",
          "unique": false,
        },
      },
      "name": "projects",
    },
    "roles": {
      "columns": {
        "description": {
          "check": null,
          "comment": "A brief description of the role's purpose or permissions.",
          "default": null,
          "name": "description",
          "notNull": false,
          "type": "varchar",
        },
        "id": {
          "check": null,
          "comment": null,
          "default": null,
          "name": "id",
          "notNull": true,
          "type": "uuid",
        },
        "name": {
          "check": null,
          "comment": "The name of the role.",
          "default": null,
          "name": "name",
          "notNull": true,
          "type": "varchar",
        },
      },
      "comment": "Defines roles that can be assigned to users, such as 'Admin' or 'Manager'.",
      "constraints": {
        "PRIMARY_id": {
          "columnNames": [
            "id",
          ],
          "name": "PRIMARY_id",
          "type": "PRIMARY KEY",
        },
      },
      "indexes": {},
      "name": "roles",
    },
    "tasks": {
      "columns": {
        "assigned_user_id": {
          "check": null,
          "comment": "Foreign key linking the task to the assigned user.",
          "default": null,
          "name": "assigned_user_id",
          "notNull": true,
          "type": "uuid",
        },
        "description": {
          "check": null,
          "comment": "A detailed description of the task.",
          "default": null,
          "name": "description",
          "notNull": false,
          "type": "text",
        },
        "due_date": {
          "check": null,
          "comment": "The deadline for completing the task.",
          "default": null,
          "name": "due_date",
          "notNull": false,
          "type": "timestamp",
        },
        "id": {
          "check": null,
          "comment": null,
          "default": null,
          "name": "id",
          "notNull": true,
          "type": "uuid",
        },
        "project_id": {
          "check": null,
          "comment": "Foreign key linking the task to a project.",
          "default": null,
          "name": "project_id",
          "notNull": true,
          "type": "uuid",
        },
        "status": {
          "check": null,
          "comment": "The current status of the task (e.g., 0: pending, 1: in progress, 2: completed).",
          "default": 0,
          "name": "status",
          "notNull": false,
          "type": "integer",
        },
        "title": {
          "check": null,
          "comment": "The title of the task.",
          "default": null,
          "name": "title",
          "notNull": true,
          "type": "varchar",
        },
      },
      "comment": "Represents tasks within a project, assigned to users with deadlines and statuses.",
      "constraints": {
        "PRIMARY_id": {
          "columnNames": [
            "id",
          ],
          "name": "PRIMARY_id",
          "type": "PRIMARY KEY",
        },
        "fk_tasks_assigned_user_id": {
          "columnNames": [
            "assigned_user_id",
          ],
          "deleteConstraint": "RESTRICT",
          "name": "fk_tasks_assigned_user_id",
          "targetColumnNames": [
            "id",
          ],
          "targetTableName": "users",
          "type": "FOREIGN KEY",
          "updateConstraint": "RESTRICT",
        },
        "fk_tasks_project_id": {
          "columnNames": [
            "project_id",
          ],
          "deleteConstraint": "CASCADE",
          "name": "fk_tasks_project_id",
          "targetColumnNames": [
            "id",
          ],
          "targetTableName": "projects",
          "type": "FOREIGN KEY",
          "updateConstraint": "RESTRICT",
        },
      },
      "indexes": {
        "index_tasks_on_assigned_user_id": {
          "columns": [
            "assigned_user_id",
          ],
          "name": "index_tasks_on_assigned_user_id",
          "type": "",
          "unique": false,
        },
        "index_tasks_on_project_id": {
          "columns": [
            "project_id",
          ],
          "name": "index_tasks_on_project_id",
          "type": "",
          "unique": false,
        },
      },
      "name": "tasks",
    },
    "timesheets": {
      "columns": {
        "duration_minutes": {
          "check": null,
          "comment": "The total duration of work in minutes.",
          "default": null,
          "name": "duration_minutes",
          "notNull": true,
          "type": "integer",
        },
        "end_time": {
          "check": null,
          "comment": "The timestamp when the user stopped working on the task.",
          "default": null,
          "name": "end_time",
          "notNull": false,
          "type": "timestamp",
        },
        "id": {
          "check": null,
          "comment": null,
          "default": null,
          "name": "id",
          "notNull": true,
          "type": "uuid",
        },
        "start_time": {
          "check": null,
          "comment": "The timestamp when the user started working on the task.",
          "default": null,
          "name": "start_time",
          "notNull": true,
          "type": "timestamp",
        },
        "task_id": {
          "check": null,
          "comment": "Foreign key linking the timesheet to a task.",
          "default": null,
          "name": "task_id",
          "notNull": true,
          "type": "uuid",
        },
        "user_id": {
          "check": null,
          "comment": "Foreign key linking the timesheet to a user.",
          "default": null,
          "name": "user_id",
          "notNull": true,
          "type": "uuid",
        },
      },
      "comment": "Tracks time spent by users on tasks for reporting or billing purposes.",
      "constraints": {
        "PRIMARY_id": {
          "columnNames": [
            "id",
          ],
          "name": "PRIMARY_id",
          "type": "PRIMARY KEY",
        },
        "fk_timesheets_task_id": {
          "columnNames": [
            "task_id",
          ],
          "deleteConstraint": "CASCADE",
          "name": "fk_timesheets_task_id",
          "targetColumnNames": [
            "id",
          ],
          "targetTableName": "tasks",
          "type": "FOREIGN KEY",
          "updateConstraint": "RESTRICT",
        },
        "fk_timesheets_user_id": {
          "columnNames": [
            "user_id",
          ],
          "deleteConstraint": "CASCADE",
          "name": "fk_timesheets_user_id",
          "targetColumnNames": [
            "id",
          ],
          "targetTableName": "users",
          "type": "FOREIGN KEY",
          "updateConstraint": "RESTRICT",
        },
      },
      "indexes": {
        "index_timesheets_on_task_id": {
          "columns": [
            "task_id",
          ],
          "name": "index_timesheets_on_task_id",
          "type": "",
          "unique": false,
        },
        "index_timesheets_on_user_id": {
          "columns": [
            "user_id",
          ],
          "name": "index_timesheets_on_user_id",
          "type": "",
          "unique": false,
        },
      },
      "name": "timesheets",
    },
    "user_roles": {
      "columns": {
        "id": {
          "check": null,
          "comment": null,
          "default": null,
          "name": "id",
          "notNull": true,
          "type": "uuid",
        },
        "role_id": {
          "check": null,
          "comment": "Foreign key linking to the role.",
          "default": null,
          "name": "role_id",
          "notNull": true,
          "type": "uuid",
        },
        "user_id": {
          "check": null,
          "comment": "Foreign key linking to the user.",
          "default": null,
          "name": "user_id",
          "notNull": true,
          "type": "uuid",
        },
      },
      "comment": "Associates users with roles to define their permissions within the company.",
      "constraints": {
        "PRIMARY_id": {
          "columnNames": [
            "id",
          ],
          "name": "PRIMARY_id",
          "type": "PRIMARY KEY",
        },
        "UNIQUE_user_id_role_id": {
          "columnNames": [
            "user_id",
            "role_id",
          ],
          "name": "UNIQUE_user_id_role_id",
          "type": "UNIQUE",
        },
        "fk_user_roles_role_id": {
          "columnNames": [
            "role_id",
          ],
          "deleteConstraint": "CASCADE",
          "name": "fk_user_roles_role_id",
          "targetColumnNames": [
            "id",
          ],
          "targetTableName": "roles",
          "type": "FOREIGN KEY",
          "updateConstraint": "RESTRICT",
        },
        "fk_user_roles_user_id": {
          "columnNames": [
            "user_id",
          ],
          "deleteConstraint": "CASCADE",
          "name": "fk_user_roles_user_id",
          "targetColumnNames": [
            "id",
          ],
          "targetTableName": "users",
          "type": "FOREIGN KEY",
          "updateConstraint": "RESTRICT",
        },
      },
      "indexes": {
        "index_user_roles_on_user_id_and_role_id": {
          "columns": [
            "user_id",
            "role_id",
          ],
          "name": "index_user_roles_on_user_id_and_role_id",
          "type": "",
          "unique": true,
        },
      },
      "name": "user_roles",
    },
    "users": {
      "columns": {
        "age": {
          "check": null,
          "comment": "The user's age.",
          "default": 30,
          "name": "age",
          "notNull": false,
          "type": "integer",
        },
        "company_id": {
          "check": null,
          "comment": "Foreign key linking the user to a company.",
          "default": null,
          "name": "company_id",
          "notNull": true,
          "type": "uuid",
        },
        "created_at": {
          "check": null,
          "comment": "The timestamp when the user was created.",
          "default": null,
          "name": "created_at",
          "notNull": true,
          "type": "timestamp",
        },
        "department_id": {
          "check": null,
          "comment": "Foreign key linking the user to a department.",
          "default": null,
          "name": "department_id",
          "notNull": true,
          "type": "uuid",
        },
        "id": {
          "check": null,
          "comment": null,
          "default": null,
          "name": "id",
          "notNull": true,
          "type": "uuid",
        },
        "is_deleted": {
          "check": null,
          "comment": "Indicates whether the user is deleted (soft delete).",
          "default": false,
          "name": "is_deleted",
          "notNull": false,
          "type": "boolean",
        },
        "name": {
          "check": null,
          "comment": "The user's full name.",
          "default": "new user",
          "name": "name",
          "notNull": false,
          "type": "varchar",
        },
        "user_name": {
          "check": null,
          "comment": "A unique identifier or login name for the user.",
          "default": null,
          "name": "user_name",
          "notNull": true,
          "type": "varchar",
        },
      },
      "comment": "Represents employees or members of a company, who are assigned roles and tasks.",
      "constraints": {
        "PRIMARY_id": {
          "columnNames": [
            "id",
          ],
          "name": "PRIMARY_id",
          "type": "PRIMARY KEY",
        },
        "fk_users_company_id": {
          "columnNames": [
            "company_id",
          ],
          "deleteConstraint": "CASCADE",
          "name": "fk_users_company_id",
          "targetColumnNames": [
            "id",
          ],
          "targetTableName": "companies",
          "type": "FOREIGN KEY",
          "updateConstraint": "RESTRICT",
        },
        "fk_users_department_id": {
          "columnNames": [
            "department_id",
          ],
          "deleteConstraint": "CASCADE",
          "name": "fk_users_department_id",
          "targetColumnNames": [
            "id",
          ],
          "targetTableName": "departments",
          "type": "FOREIGN KEY",
          "updateConstraint": "RESTRICT",
        },
      },
      "indexes": {
        "index_users_on_company_id": {
          "columns": [
            "company_id",
          ],
          "name": "index_users_on_company_id",
          "type": "",
          "unique": false,
        },
        "index_users_on_department_id": {
          "columns": [
            "department_id",
          ],
          "name": "index_users_on_department_id",
          "type": "",
          "unique": false,
        },
      },
      "name": "users",
    },
  },
}
`;
